

ch=0, lrate=1.000, error=40.910
< score: 530/5000
> epoch=1, lrate=1.000, error=28.499
< score: 530/5000
> epoch=2, lrate=1.000, error=27.243
< score: 530/5000
> epoch=3, lrate=1.000, error=26.558
< score: 530/5000
> epoch=4, lrate=1.000, error=22.923
< score: 530/5000
> epoch=5, lrate=1.000, error=17.931
< score: 530/5000
> epoch=6, lrate=1.000, error=12.657
< score: 530/5000
> epoch=7, lrate=1.000, error=12.544
< score: 530/5000
> epoch=8, lrate=1.000, error=12.390
< score: 530/5000
> epoch=9, lrate=1.000, error=12.140
< score: 530/5000
> epoch=10, lrate=1.000, error=10.437
< score: 530/5000
> epoch=11, lrate=1.000, error=7.607
< score: 530/5000
> epoch=12, lrate=1.000, error=7.601
< score: 530/5000
> epoch=13, lrate=1.000, error=7.595
< score: 530/5000
> epoch=14, lrate=1.000, error=7.589
< score: 530/5000
> epoch=15, lrate=1.000, error=7.583
< score: 530/5000
> epoch=16, lrate=1.000, error=7.577
< score: 530/5000
> epoch=17, lrate=1.000, error=7.571
< score: 530/5000
> epoch=18, lrate=1.000, error=7.565
< score: 530/5000
> epoch=19, lrate=1.000, error=7.558
< score: 530/5000
> epoch=20, lrate=1.000, error=7.552
< score: 530/5000
> epoch=21, lrate=1.000, error=7.545
< score: 530/5000
> epoch=22, lrate=1.000, error=7.539
< score: 530/5000
> epoch=23, lrate=1.000, error=7.532
< score: 530/5000
> epoch=24, lrate=1.000, error=7.525
< score: 530/5000
> epoch=25, lrate=1.000, error=7.518
< score: 530/5000
> epoch=26, lrate=1.000, error=7.510
< score: 530/5000
> epoch=27, lrate=1.000, error=7.503
< score: 530/5000
> epoch=28, lrate=1.000, error=7.496
< score: 530/5000
> epoch=29, lrate=1.000, error=7.488
< score: 530/5000
> epoch=30, lrate=1.000, error=7.480
< score: 530/5000
> epoch=31, lrate=1.000, error=7.472
< score: 530/5000
> epoch=32, lrate=1.000, error=7.464
< score: 530/5000
> epoch=33, lrate=1.000, error=7.456
< score: 530/5000
> epoch=34, lrate=1.000, error=7.447
< score: 530/5000
> epoch=35, lrate=1.000, error=7.438
< score: 530/5000
> epoch=36, lrate=1.000, error=7.430
< score: 530/5000
> epoch=37, lrate=1.000, error=7.420
< score: 530/5000
> epoch=38, lrate=1.000, error=7.411
< score: 530/5000
> epoch=39, lrate=1.000, error=7.402
< score: 530/5000
> epoch=40, lrate=1.000, error=7.392
< score: 530/5000
> epoch=41, lrate=1.000, error=7.382
< score: 530/5000
> epoch=42, lrate=1.000, error=7.371
< score: 530/5000
> epoch=43, lrate=1.000, error=7.361
< score: 530/5000
> epoch=44, lrate=1.000, error=7.350
< score: 530/5000
> epoch=45, lrate=1.000, error=7.339
< score: 530/5000
> epoch=46, lrate=1.000, error=7.327
< score: 530/5000
> epoch=47, lrate=1.000, error=7.315
< score: 530/5000
> epoch=48, lrate=1.000, error=7.303
< score: 530/5000
> epoch=49, lrate=1.000, error=7.290
< score: 530/5000
