> epoch=0, lrate=0.500, error=50.386
< score: 520/5000
> epoch=1, lrate=0.500, error=46.055
< score: 520/5000
> epoch=2, lrate=0.500, error=43.742
< score: 520/5000
> epoch=3, lrate=0.500, error=36.025
< score: 520/5000
> epoch=4, lrate=0.500, error=30.464
< score: 520/5000
> epoch=5, lrate=0.500, error=27.910
< score: 520/5000
> epoch=6, lrate=0.500, error=27.655
< score: 520/5000
> epoch=7, lrate=0.500, error=27.201
< score: 520/5000
> epoch=8, lrate=0.500, error=23.801
< score: 520/5000
> epoch=9, lrate=0.500, error=23.063
< score: 520/5000
> epoch=10, lrate=0.500, error=22.964
< score: 520/5000
> epoch=11, lrate=0.500, error=22.852
< score: 520/5000
> epoch=12, lrate=0.500, error=22.721
< score: 520/5000
> epoch=13, lrate=0.500, error=22.562
< score: 520/5000
> epoch=14, lrate=0.500, error=22.351
< score: 520/5000
> epoch=15, lrate=0.500, error=22.004
< score: 520/5000
> epoch=16, lrate=0.500, error=19.358
< score: 520/5000
> epoch=17, lrate=0.500, error=17.793
< score: 520/5000
> epoch=18, lrate=0.500, error=17.738
< score: 520/5000
> epoch=19, lrate=0.500, error=17.680
< score: 520/5000
> epoch=20, lrate=0.500, error=17.618
< score: 520/5000
> epoch=21, lrate=0.500, error=17.552
< score: 520/5000
> epoch=22, lrate=0.500, error=17.481
< score: 520/5000
> epoch=23, lrate=0.500, error=17.404
< score: 520/5000
> epoch=24, lrate=0.500, error=17.320
< score: 520/5000
> epoch=25, lrate=0.500, error=17.228
< score: 520/5000
> epoch=26, lrate=0.500, error=17.125
< score: 520/5000
> epoch=27, lrate=0.500, error=17.008
< score: 520/5000
> epoch=28, lrate=0.500, error=16.873
< score: 520/5000
> epoch=29, lrate=0.500, error=16.711
< score: 520/5000
> epoch=30, lrate=0.500, error=16.505
< score: 520/5000
> epoch=31, lrate=0.500, error=16.213
< score: 520/5000
> epoch=32, lrate=0.500, error=15.407
< score: 520/5000
> epoch=33, lrate=0.500, error=11.665
< score: 520/5000
> epoch=34, lrate=0.500, error=11.498
< score: 520/5000
> epoch=35, lrate=0.500, error=11.221
< score: 520/5000
> epoch=36, lrate=0.500, error=9.146
< score: 520/5000
> epoch=37, lrate=0.500, error=6.980
< score: 520/5000
> epoch=38, lrate=0.500, error=6.968
< score: 520/5000
> epoch=39, lrate=0.500, error=6.955
< score: 520/5000
> epoch=40, lrate=0.500, error=6.943
< score: 520/5000
> epoch=41, lrate=0.500, error=6.929
< score: 520/5000
> epoch=42, lrate=0.500, error=6.916
< score: 520/5000
> epoch=43, lrate=0.500, error=6.902
< score: 520/5000
> epoch=44, lrate=0.500, error=6.887
< score: 520/5000
> epoch=45, lrate=0.500, error=6.872
< score: 520/5000
> epoch=46, lrate=0.500, error=6.856
< score: 520/5000
> epoch=47, lrate=0.500, error=6.840
< score: 520/5000
> epoch=48, lrate=0.500, error=6.823
< score: 520/5000
> epoch=49, lrate=0.500, error=6.805
< score: 520/5000
➜  tp1 git:(master) ✗
➜  tp1 git:(master) ✗ ./main.py
^CTraceback (most recent call last):
  File "./main.py", line 8, in <module>
    nn.sgd(dataset)
  File "/home/diogo/workspace/Machine-Learning/tp1/neural_network.py", line 145, in sgd
    self.updateWeights(row)
  File "/home/diogo/workspace/Machine-Learning/tp1/neural_network.py", line 116, in updateWeights
    self.lmbda * neuron['delta'] * inputs[j]
KeyboardInterrupt
➜  tp1 git:(master) ✗ ./main.py
> epoch=0, lrate=1.000, error=40.910
< score: 530/5000
> epoch=1, lrate=1.000, error=28.499
< score: 530/5000
> epoch=2, lrate=1.000, error=27.243
< score: 530/5000
> epoch=3, lrate=1.000, error=26.558
< score: 530/5000
> epoch=4, lrate=1.000, error=22.923
< score: 530/5000
> epoch=5, lrate=1.000, error=17.931
< score: 530/5000
> epoch=6, lrate=1.000, error=12.657
< score: 530/5000
> epoch=7, lrate=1.000, error=12.544
< score: 530/5000
> epoch=8, lrate=1.000, error=12.390
< score: 530/5000
> epoch=9, lrate=1.000, error=12.140
< score: 530/5000
> epoch=10, lrate=1.000, error=10.437
< score: 530/5000
> epoch=11, lrate=1.000, error=7.607
< score: 530/5000
> epoch=12, lrate=1.000, error=7.601
< score: 530/5000
> epoch=13, lrate=1.000, error=7.595
< score: 530/5000
> epoch=14, lrate=1.000, error=7.589
< score: 530/5000
> epoch=15, lrate=1.000, error=7.583
< score: 530/5000
> epoch=16, lrate=1.000, error=7.577
< score: 530/5000
> epoch=17, lrate=1.000, error=7.571
< score: 530/5000
> epoch=18, lrate=1.000, error=7.565
< score: 530/5000
> epoch=19, lrate=1.000, error=7.558
< score: 530/5000
> epoch=20, lrate=1.000, error=7.552
< score: 530/5000
> epoch=21, lrate=1.000, error=7.545
< score: 530/5000
> epoch=22, lrate=1.000, error=7.539
< score: 530/5000
> epoch=23, lrate=1.000, error=7.532
< score: 530/5000
> epoch=24, lrate=1.000, error=7.525
< score: 530/5000
> epoch=25, lrate=1.000, error=7.518
< score: 530/5000
> epoch=26, lrate=1.000, error=7.510
< score: 530/5000
> epoch=27, lrate=1.000, error=7.503
< score: 530/5000
> epoch=28, lrate=1.000, error=7.496
< score: 530/5000
> epoch=29, lrate=1.000, error=7.488
< score: 530/5000
> epoch=30, lrate=1.000, error=7.480
< score: 530/5000
> epoch=31, lrate=1.000, error=7.472
< score: 530/5000
> epoch=32, lrate=1.000, error=7.464
< score: 530/5000
> epoch=33, lrate=1.000, error=7.456
< score: 530/5000
> epoch=34, lrate=1.000, error=7.447
< score: 530/5000
> epoch=35, lrate=1.000, error=7.438
< score: 530/5000
> epoch=36, lrate=1.000, error=7.430
< score: 530/5000
> epoch=37, lrate=1.000, error=7.420
< score: 530/5000
> epoch=38, lrate=1.000, error=7.411
< score: 530/5000
> epoch=39, lrate=1.000, error=7.402
< score: 530/5000
> epoch=40, lrate=1.000, error=7.392
< score: 530/5000
> epoch=41, lrate=1.000, error=7.382
< score: 530/5000
> epoch=42, lrate=1.000, error=7.371
< score: 530/5000
> epoch=43, lrate=1.000, error=7.361
< score: 530/5000
> epoch=44, lrate=1.000, error=7.350
< score: 530/5000
> epoch=45, lrate=1.000, error=7.339
< score: 530/5000
> epoch=46, lrate=1.000, error=7.327
< score: 530/5000
> epoch=47, lrate=1.000, error=7.315
< score: 530/5000
> epoch=48, lrate=1.000, error=7.303
< score: 530/5000
> epoch=49, lrate=1.000, error=7.290
< score: 530/5000
➜  tp1 git:(master) ✗
➜  tp1 git:(master) ✗ ./main.py              > epoch=0, lrate=1.000, error=43.248
< score: 460/5000
> epoch=1, lrate=1.000, error=37.346
< score: 460/5000
> epoch=2, lrate=1.000, error=32.335
< score: 460/5000
> epoch=3, lrate=1.000, error=28.180
< score: 460/5000
> epoch=4, lrate=1.000, error=27.679
< score: 460/5000
> epoch=5, lrate=1.000, error=24.509
< score: 460/5000
> epoch=6, lrate=1.000, error=22.679
< score: 460/5000
> epoch=7, lrate=1.000, error=19.195
< score: 460/5000
> epoch=8, lrate=1.000, error=18.250
< score: 460/5000
> epoch=9, lrate=1.000, error=18.144
< score: 460/5000
> epoch=10, lrate=1.000, error=18.020
< score: 460/5000
> epoch=11, lrate=1.000, error=17.869
< score: 460/5000
> epoch=12, lrate=1.000, error=17.674
< score: 460/5000
> epoch=13, lrate=1.000, error=17.378
< score: 460/5000
> epoch=14, lrate=1.000, error=15.629
< score: 460/5000
> epoch=15, lrate=1.000, error=12.727
< score: 460/5000
> epoch=16, lrate=1.000, error=12.652
< score: 460/5000
> epoch=17, lrate=1.000, error=12.562
< score: 460/5000
> epoch=18, lrate=1.000, error=12.449
< score: 460/5000
> epoch=19, lrate=1.000, error=12.297
< score: 460/5000
> epoch=20, lrate=1.000, error=12.052
< score: 460/5000
> epoch=21, lrate=1.000, error=10.508
< score: 460/5000
> epoch=22, lrate=1.000, error=7.588
< score: 460/5000
> epoch=23, lrate=1.000, error=7.580
< score: 460/5000
> epoch=24, lrate=1.000, error=7.571
< score: 460/5000
> epoch=25, lrate=1.000, error=7.562
< score: 460/5000
> epoch=26, lrate=1.000, error=7.554
< score: 460/5000
> epoch=27, lrate=1.000, error=7.544
< score: 460/5000
> epoch=28, lrate=1.000, error=7.535
< score: 460/5000
> epoch=29, lrate=1.000, error=7.525
< score: 460/5000
> epoch=30, lrate=1.000, error=7.515
< score: 460/5000
> epoch=31, lrate=1.000, error=7.505
< score: 460/5000
> epoch=32, lrate=1.000, error=7.495
< score: 460/5000
> epoch=33, lrate=1.000, error=7.484
< score: 460/5000
> epoch=34, lrate=1.000, error=7.473
< score: 460/5000
> epoch=35, lrate=1.000, error=7.462
< score: 460/5000
> epoch=36, lrate=1.000, error=7.451
< score: 460/5000
> epoch=37, lrate=1.000, error=7.439
< score: 460/5000
> epoch=38, lrate=1.000, error=7.426
< score: 460/5000
> epoch=39, lrate=1.000, error=7.414
< score: 460/5000
> epoch=40, lrate=1.000, error=7.400
< score: 460/5000
> epoch=41, lrate=1.000, error=7.387
< score: 460/5000
> epoch=42, lrate=1.000, error=7.373
< score: 460/5000
> epoch=43, lrate=1.000, error=7.358
< score: 460/5000
> epoch=44, lrate=1.000, error=7.343
< score: 460/5000
> epoch=45, lrate=1.000, error=7.327
< score: 460/5000
> epoch=46, lrate=1.000, error=7.311
< score: 460/5000
> epoch=47, lrate=1.000, error=7.294
< score: 460/5000
> epoch=48, lrate=1.000, error=7.276
< score: 460/5000
> epoch=49, lrate=1.000, error=7.257
< score: 460/5000
> epoch=50, lrate=1.000, error=7.237
< score: 460/5000
> epoch=51, lrate=1.000, error=7.217
< score: 460/5000
> epoch=52, lrate=1.000, error=7.195
< score: 460/5000
> epoch=53, lrate=1.000, error=7.172
< score: 460/5000
> epoch=54, lrate=1.000, error=7.147
< score: 460/5000
> epoch=55, lrate=1.000, error=7.121
< score: 460/5000
> epoch=56, lrate=1.000, error=7.093
< score: 460/5000
> epoch=57, lrate=1.000, error=7.062
< score: 460/5000
> epoch=58, lrate=1.000, error=7.029
< score: 460/5000
> epoch=59, lrate=1.000, error=6.994
< score: 460/5000
> epoch=60, lrate=1.000, error=6.954
< score: 460/5000
> epoch=61, lrate=1.000, error=6.910
< score: 460/5000
> epoch=62, lrate=1.000, error=6.861
< score: 460/5000
> epoch=63, lrate=1.000, error=6.805
< score: 460/5000
> epoch=64, lrate=1.000, error=6.739
< score: 460/5000
> epoch=65, lrate=1.000, error=6.660
< score: 460/5000
> epoch=66, lrate=1.000, error=6.561
< score: 460/5000
> epoch=67, lrate=1.000, error=6.429
< score: 460/5000
> epoch=68, lrate=1.000, error=6.225
< score: 460/5000
> epoch=69, lrate=1.000, error=5.721
< score: 460/5000
> epoch=70, lrate=1.000, error=1.685
< score: 502/5000
> epoch=71, lrate=1.000, error=1.610
< score: 504/5000
> epoch=72, lrate=1.000, error=1.610
< score: 504/5000
> epoch=73, lrate=1.000, error=1.610
< score: 504/5000
> epoch=74, lrate=1.000, error=1.610
< score: 504/5000
> epoch=75, lrate=1.000, error=1.610
< score: 504/5000
> epoch=76, lrate=1.000, error=1.610
< score: 504/5000
> epoch=77, lrate=1.000, error=1.610
< score: 504/5000
> epoch=78, lrate=1.000, error=1.610
< score: 504/5000
> epoch=79, lrate=1.000, error=1.610
< score: 504/5000
> epoch=80, lrate=1.000, error=1.610
< score: 504/5000
> epoch=81, lrate=1.000, error=1.610
< score: 504/5000
> epoch=82, lrate=1.000, error=1.610
< score: 504/5000
> epoch=83, lrate=1.000, error=1.610
< score: 504/5000
> epoch=84, lrate=1.000, error=1.610
< score: 504/5000
> epoch=85, lrate=1.000, error=1.610
< score: 504/5000
> epoch=86, lrate=1.000, error=1.610
< score: 504/5000
> epoch=87, lrate=1.000, error=1.610
< score: 504/5000
> epoch=88, lrate=1.000, error=1.610
< score: 504/5000
> epoch=89, lrate=1.000, error=1.610
< score: 504/5000
> epoch=90, lrate=1.000, error=1.610
< score: 504/5000
> epoch=91, lrate=1.000, error=1.610
< score: 504/5000
> epoch=92, lrate=1.000, error=1.610
< score: 504/5000
> epoch=93, lrate=1.000, error=1.610
< score: 504/5000
> epoch=94, lrate=1.000, error=1.610
< score: 504/5000
> epoch=95, lrate=1.000, error=1.610
< score: 504/5000
> epoch=96, lrate=1.000, error=1.610
< score: 504/5000
> epoch=97, lrate=1.000, error=1.610
< score: 504/5000
> epoch=98, lrate=1.000, error=1.610
< score: 504/5000
> epoch=99, lrate=1.000, error=1.610
