n
ch=0, lrate=0.500, error=50.386
< score: 520/5000
> epoch=1, lrate=0.500, error=46.055
< score: 520/5000
> epoch=2, lrate=0.500, error=43.742
< score: 520/5000
> epoch=3, lrate=0.500, error=36.025
< score: 520/5000
> epoch=4, lrate=0.500, error=30.464
< score: 520/5000
> epoch=5, lrate=0.500, error=27.910
< score: 520/5000
> epoch=6, lrate=0.500, error=27.655
< score: 520/5000
> epoch=7, lrate=0.500, error=27.201
< score: 520/5000
> epoch=8, lrate=0.500, error=23.801
< score: 520/5000
> epoch=9, lrate=0.500, error=23.063
< score: 520/5000
> epoch=10, lrate=0.500, error=22.964
< score: 520/5000
> epoch=11, lrate=0.500, error=22.852
< score: 520/5000
> epoch=12, lrate=0.500, error=22.721
< score: 520/5000
> epoch=13, lrate=0.500, error=22.562
< score: 520/5000
> epoch=14, lrate=0.500, error=22.351
< score: 520/5000
> epoch=15, lrate=0.500, error=22.004
< score: 520/5000
> epoch=16, lrate=0.500, error=19.358
< score: 520/5000
> epoch=17, lrate=0.500, error=17.793
< score: 520/5000
> epoch=18, lrate=0.500, error=17.738
< score: 520/5000
> epoch=19, lrate=0.500, error=17.680
< score: 520/5000
> epoch=20, lrate=0.500, error=17.618
< score: 520/5000
> epoch=21, lrate=0.500, error=17.552
< score: 520/5000
> epoch=22, lrate=0.500, error=17.481
< score: 520/5000
> epoch=23, lrate=0.500, error=17.404
< score: 520/5000
> epoch=24, lrate=0.500, error=17.320
< score: 520/5000
> epoch=25, lrate=0.500, error=17.228
< score: 520/5000
> epoch=26, lrate=0.500, error=17.125
< score: 520/5000
> epoch=27, lrate=0.500, error=17.008
< score: 520/5000
> epoch=28, lrate=0.500, error=16.873
< score: 520/5000
> epoch=29, lrate=0.500, error=16.711
< score: 520/5000
> epoch=30, lrate=0.500, error=16.505
< score: 520/5000
> epoch=31, lrate=0.500, error=16.213
< score: 520/5000
> epoch=32, lrate=0.500, error=15.407
< score: 520/5000
> epoch=33, lrate=0.500, error=11.665
< score: 520/5000
> epoch=34, lrate=0.500, error=11.498
< score: 520/5000
> epoch=35, lrate=0.500, error=11.221
< score: 520/5000
> epoch=36, lrate=0.500, error=9.146
< score: 520/5000
> epoch=37, lrate=0.500, error=6.980
< score: 520/5000
> epoch=38, lrate=0.500, error=6.968
< score: 520/5000
> epoch=39, lrate=0.500, error=6.955
< score: 520/5000
> epoch=40, lrate=0.500, error=6.943
< score: 520/5000
> epoch=41, lrate=0.500, error=6.929
< score: 520/5000
> epoch=42, lrate=0.500, error=6.916
< score: 520/5000
> epoch=43, lrate=0.500, error=6.902
< score: 520/5000
> epoch=44, lrate=0.500, error=6.887
< score: 520/5000
> epoch=45, lrate=0.500, error=6.872
< score: 520/5000
> epoch=46, lrate=0.500, error=6.856
< score: 520/5000
> epoch=47, lrate=0.500, error=6.840
< score: 520/5000
> epoch=48, lrate=0.500, error=6.823
< score: 520/5000
> epoch=49, lrate=0.500, error=6.805
< score: 520/5000
